[bhero.com/index.html]
[backblue.gif]
[fade.gif]
[index.html]
[bhero.com/favicon.ico]
[bhero.com/img/bhero-thumbnail.png]
[connect.facebook.net/en_US/fbevents.js]
[www.googletagmanager.com/gtmf987.js]
[web-sdk.smartlook.com/recorder.js]
[bhero.com/static/css/2.052eba46.chunk.css]
[bhero.com/static/css/main.a2caa238.chunk.css]
[bhero.com/index.html]
[bhero.com/static/js/main.d06de9cb.chunk.js]
[bhero.com/c.html]
[bhero.com/static/js/2.6b5fbc56.chunk.js]
[bhero.com/b.html]
[connect.facebook.net/en_US/fbevents.js]
[bhero.com/static/css/2.052eba46.chunk.css]
[bhero.com/POST.html]
[bhero.com/static/media/arrow.aa1b210f.svg]
[bhero.com/static/media/defi.3cd2774a.svg]
[bhero.com/static/media/web.61aaa5a6.svg]
[bhero.com/static/media/ledger.30119323.svg]
[bhero.com/static/media/maiar.1bc6f84b.svg]
[bhero.com/static/media/bg-waves-gr.cff2543e.svg]
[bhero.com/static/media/bhero-featured.2bd54dc6.png]
[bhero.com/static/media/agents-featured.93a8caf0.jpg]
[bhero.com/static/media/head-bg.6158f904.png]
[bhero.com/static/media/newspapers-bg.ccee9a39.png]
[bhero.com/static/media/build-future.87aae1d7.png]
[bhero.com/static/media/bhero-elrond.6d295484.png]
[bhero.com/static/media/bg-end.fb545507.png]
[bhero.com/static/css/main.a2caa238.chunk.css]
[bhero.com/c.html]
[bhero.com/b.html]
[bhero.com/POST.html]
[bhero.com/static/media/arrow.aa1b210f.svg]
[bhero.com/static/media/defi.3cd2774a.svg]
[bhero.com/static/media/web.61aaa5a6.svg]
[bhero.com/static/media/ledger.30119323.svg]
[bhero.com/static/media/maiar.1bc6f84b.svg]
[bhero.com/static/media/bg-waves-gr.cff2543e.svg]
